==========================================
MTV cold migration benchmark — ref
==========================================
Mode: compare
Log: /Users/yzamir/Projects/yaacov/kc-utils/tests/scenarios/runs/test-mtv-benchmark-20260810T103043Z-ref.log
Mem: /Users/yzamir/Projects/yaacov/kc-utils/tests/scenarios/runs/test-mtv-benchmark-20260810T103043Z-ref-mem
NS=mtv-kc-v2v-bench SKIP_CLEANUP=true KEEP_BETWEEN_TESTS=true

VDDK: quay.io/yaacov/vddk:8.0.0
virt_v2v_image_fqin: (empty)
feature_windows_wait_for_reboot: false
Default SC: ocs-storagecluster-ceph-rbd-virtualization
Ceph: HEALTH_OK

Creating providers...

RHEL_VM=mtv-func-rhel9-4-uefi
WIN_VM=mtv-func-win2019

Running RHEL then Windows sequentially (one plan at a time).
==========================================
RUN rhel: VM=mtv-func-rhel9-4-uefi plan=plan-bench-rhel converter=ref
==========================================
Waiting for plan Ready...
Migration started at 2026-08-10T10:59:37Z
--- Monitoring plan plan-bench-rhel (rhel) ---
  Memory/net monitor -> /Users/yzamir/Projects/yaacov/kc-utils/tests/scenarios/runs/test-mtv-benchmark-20260810T103043Z-ref-mem/rhel-virt-v2v-memory.csv (every 10s)
  [step-change] 0m00s phase=StorePowerState Initialize=Running DiskAllocation=Pending ImageConversion=Pending DiskTransferV2v=Pending VirtualMachineCreation=Pending
  [step-change] 0m14s phase=AllocateDisks Initialize=Completed DiskAllocation=Pending ImageConversion=Pending DiskTransferV2v=Pending VirtualMachineCreation=Pending
  [step-change] 0m27s phase=CreateGuestConversionPod Initialize=Completed DiskAllocation=Completed ImageConversion=Running DiskTransferV2v=Pending VirtualMachineCreation=Pending
  [04/180] 0m40s  Status=Executing phase=ConvertGuest
    [mon] +0m44s pod=plan-bench-rhel-vm-1051-6765l node=qemtvd-07-w56zg-worker-0-s5hmz top=?Mi cgroup=84Mi cpu=?m rx=60910 tx=38431 phase=Running
  [05/180] 0m53s  Status=Executing phase=ConvertGuest
    [mon] +1m04s pod=plan-bench-rhel-vm-1051-6765l node=qemtvd-07-w56zg-worker-0-s5hmz top=?Mi cgroup=923Mi cpu=?m rx=7439464 tx=286681 phase=Running
  [06/180] 1m06s  Status=Executing phase=ConvertGuest
  [07/180] 1m19s  Status=Executing phase=ConvertGuest
    [mon] +1m24s pod=plan-bench-rhel-vm-1051-6765l node=qemtvd-07-w56zg-worker-0-s5hmz top=430Mi cgroup=995Mi cpu=1413m rx=43352859 tx=1911741 phase=Running
  [08/180] 1m33s  Status=Executing phase=ConvertGuest
    [mon] +1m44s pod=plan-bench-rhel-vm-1051-6765l node=qemtvd-07-w56zg-worker-0-s5hmz top=428Mi cgroup=1019Mi cpu=477m rx=77494001 tx=3457583 phase=Running
  [09/180] 1m46s  Status=Executing phase=ConvertGuest
  [10/180] 1m59s  Status=Executing phase=ConvertGuest
    [mon] +2m04s pod=plan-bench-rhel-vm-1051-6765l node=qemtvd-07-w56zg-worker-0-s5hmz top=422Mi cgroup=1044Mi cpu=473m rx=104114869 tx=4832243 phase=Running
  [11/180] 2m12s  Status=Executing phase=ConvertGuest
    [mon] +2m24s pod=plan-bench-rhel-vm-1051-6765l node=qemtvd-07-w56zg-worker-0-s5hmz top=422Mi cgroup=1069Mi cpu=424m rx=128837145 tx=6033435 phase=Running
  [12/180] 2m26s  Status=Executing phase=ConvertGuest
  [13/180] 2m39s  Status=Executing phase=ConvertGuest
    [mon] +2m43s pod=plan-bench-rhel-vm-1051-6765l node=qemtvd-07-w56zg-worker-0-s5hmz top=424Mi cgroup=1092Mi cpu=623m rx=151101147 tx=7179128 phase=Running
  [14/180] 2m52s  Status=Executing phase=ConvertGuest
    [mon] +3m03s pod=plan-bench-rhel-vm-1051-6765l node=qemtvd-07-w56zg-worker-0-s5hmz top=424Mi cgroup=1273Mi cpu=451m rx=240471405 tx=7783543 phase=Running
  [15/180] 3m06s  Status=Executing phase=ConvertGuest
  [16/180] 3m19s  Status=Executing phase=ConvertGuest
    [mon] +3m23s pod=plan-bench-rhel-vm-1051-6765l node=qemtvd-07-w56zg-worker-0-s5hmz top=448Mi cgroup=1549Mi cpu=1254m rx=319851807 tx=8603230 phase=Running
  [17/180] 3m32s  Status=Executing phase=ConvertGuest
    [mon] +3m43s pod=plan-bench-rhel-vm-1051-6765l node=qemtvd-07-w56zg-worker-0-s5hmz top=741Mi cgroup=1727Mi cpu=1004m rx=391386064 tx=9442206 phase=Running
  [18/180] 3m45s  Status=Executing phase=ConvertGuest
  [19/180] 3m59s  Status=Executing phase=ConvertGuest
    [mon] +4m03s pod=plan-bench-rhel-vm-1051-6765l node=qemtvd-07-w56zg-worker-0-s5hmz top=825Mi cgroup=1762Mi cpu=598m rx=410824174 tx=9725503 phase=Running
  [20/180] 4m12s  Status=Executing phase=ConvertGuest
    [mon] +4m26s pod=plan-bench-rhel-vm-1051-6765l node=qemtvd-07-w56zg-worker-0-s5hmz top=849Mi cgroup=1953Mi cpu=1265m rx=471415641 tx=10385396 phase=Running
  [21/180] 4m26s  Status=Executing phase=ConvertGuest
  [22/180] 4m39s  Status=Executing phase=ConvertGuest
    [mon] +4m46s pod=plan-bench-rhel-vm-1051-6765l node=qemtvd-07-w56zg-worker-0-s5hmz top=936Mi cgroup=2116Mi cpu=2077m rx=476745289 tx=10457594 phase=Running
  [23/180] 4m52s  Status=Executing phase=ConvertGuest
    [mon] +5m07s pod=plan-bench-rhel-vm-1051-6765l node=qemtvd-07-w56zg-worker-0-s5hmz top=1014Mi cgroup=2275Mi cpu=1464m rx=484834468 tx=10628427 phase=Running
  [24/180] 5m05s  Status=Executing phase=ConvertGuest
  [25/180] 5m19s  Status=Executing phase=ConvertGuest
    [mon] +5m27s pod=plan-bench-rhel-vm-1051-6765l node=qemtvd-07-w56zg-worker-0-s5hmz top=1171Mi cgroup=2401Mi cpu=2062m rx=503639135 tx=11075432 phase=Running
  [26/180] 5m32s  Status=Executing phase=ConvertGuest
    [mon] +5m47s pod=plan-bench-rhel-vm-1051-6765l node=qemtvd-07-w56zg-worker-0-s5hmz top=1171Mi cgroup=2493Mi cpu=2062m rx=532956481 tx=11704917 phase=Running
  [27/180] 5m46s  Status=Executing phase=ConvertGuest
  [28/180] 5m59s  Status=Executing phase=ConvertGuest
    [mon] +6m06s pod=plan-bench-rhel-vm-1051-6765l node=qemtvd-07-w56zg-worker-0-s5hmz top=1267Mi cgroup=1418Mi cpu=2733m rx=614806723 tx=12389352 phase=Running
  [step-change] 6m12s phase=CopyDisksVirtV2V Initialize=Completed DiskAllocation=Completed ImageConversion=Completed DiskTransferV2v=Running VirtualMachineCreation=Pending
    [mon] +6m26s pod=plan-bench-rhel-vm-1051-6765l node=qemtvd-07-w56zg-worker-0-s5hmz top=219Mi cgroup=1784Mi cpu=480m rx=1197628885 tx=14918501 phase=Running
  [30/180] 6m25s  Status=Executing phase=CopyDisksVirtV2V
  [31/180] 6m39s  Status=Executing phase=CopyDisksVirtV2V
    [mon] +6m46s pod=plan-bench-rhel-vm-1051-6765l node=qemtvd-07-w56zg-worker-0-s5hmz top=226Mi cgroup=1784Mi cpu=387m rx=1788575150 tx=17202593 phase=Running
  [32/180] 6m52s  Status=Executing phase=CopyDisksVirtV2V
    [mon] +7m06s pod=plan-bench-rhel-vm-1051-6765l node=qemtvd-07-w56zg-worker-0-s5hmz top=226Mi cgroup=1785Mi cpu=236m rx=2389730095 tx=19429719 phase=Running
  [33/180] 7m05s  Status=Executing phase=CopyDisksVirtV2V
  [34/180] 7m19s  Status=Executing phase=CopyDisksVirtV2V
    [mon] +7m26s pod=plan-bench-rhel-vm-1051-6765l node=qemtvd-07-w56zg-worker-0-s5hmz top=226Mi cgroup=2094Mi cpu=243m rx=2953566203 tx=22321871 phase=Running
  [35/180] 7m32s  Status=Executing phase=CopyDisksVirtV2V
    [mon] +7m46s pod=plan-bench-rhel-vm-1051-6765l node=qemtvd-07-w56zg-worker-0-s5hmz top=234Mi cgroup=2679Mi cpu=397m rx=3515241250 tx=24704542 phase=Running
  [36/180] 7m45s  Status=Executing phase=CopyDisksVirtV2V
  [37/180] 7m58s  Status=Executing phase=CopyDisksVirtV2V
    [mon] +8m07s pod=plan-bench-rhel-vm-1051-6765l node=qemtvd-07-w56zg-worker-0-s5hmz top=252Mi cgroup=3214Mi cpu=411m rx=4112594509 tx=27719305 phase=Running
  [38/180] 8m12s  Status=Executing phase=CopyDisksVirtV2V
  [39/180] 8m25s  Status=Executing phase=CopyDisksVirtV2V
    [mon] +8m28s pod=plan-bench-rhel-vm-1051-6765l node=qemtvd-07-w56zg-worker-0-s5hmz top=266Mi cgroup=3222Mi cpu=428m rx=4681683938 tx=30209254 phase=Running
  [40/180] 8m38s  Status=Executing phase=CopyDisksVirtV2V
    [mon] +8m47s pod=plan-bench-rhel-vm-1051-6765l node=qemtvd-07-w56zg-worker-0-s5hmz top=293Mi cgroup=3497Mi cpu=431m rx=5191026348 tx=32387980 phase=Running
  [41/180] 8m51s  Status=Executing phase=CopyDisksVirtV2V
  [42/180] 9m05s  Status=Executing phase=CopyDisksVirtV2V
    [mon] +9m08s pod=plan-bench-rhel-vm-1051-6765l node=qemtvd-07-w56zg-worker-0-s5hmz top=306Mi cgroup=3236Mi cpu=430m rx=5728189654 tx=34739054 phase=Running
  [43/180] 9m19s  Status=Executing phase=CopyDisksVirtV2V
    [mon] +9m29s pod=plan-bench-rhel-vm-1051-6765l node=qemtvd-07-w56zg-worker-0-s5hmz top=299Mi cgroup=3142Mi cpu=461m rx=6303995674 tx=37519855 phase=Running
  [44/180] 9m32s  Status=Executing phase=CopyDisksVirtV2V
  [45/180] 9m46s  Status=Executing phase=CopyDisksVirtV2V
    [mon] +9m49s pod=plan-bench-rhel-vm-1051-6765l node=qemtvd-07-w56zg-worker-0-s5hmz top=306Mi cgroup=3348Mi cpu=449m rx=6777213240 tx=39582998 phase=Running
  [46/180] 9m59s  Status=Executing phase=CopyDisksVirtV2V
    [mon] +10m09s pod=plan-bench-rhel-vm-1051-6765l node=qemtvd-07-w56zg-worker-0-s5hmz top=282Mi cgroup=3136Mi cpu=360m rx=6843702559 tx=39895071 phase=Running
  [47/180] 10m12s  Status=Executing phase=CopyDisksVirtV2V
  [48/180] 10m25s  Status=Executing phase=CopyDisksVirtV2V
    [mon] +10m29s pod=plan-bench-rhel-vm-1051-6765l node=qemtvd-07-w56zg-worker-0-s5hmz top=439Mi cgroup=3233Mi cpu=971m rx=6843703785 tx=39895753 phase=Running
  [49/180] 10m38s  Status=Executing phase=CopyDisksVirtV2V
    [mon] +10m49s pod=plan-bench-rhel-vm-1051-6765l node=qemtvd-07-w56zg-worker-0-s5hmz top=482Mi cgroup=3243Mi cpu=1118m rx=6843704821 tx=39896313 phase=Running
  [50/180] 10m51s  Status=Executing phase=CopyDisksVirtV2V
  [51/180] 11m05s  Status=Executing phase=CopyDisksVirtV2V
    [mon] +11m09s pod=plan-bench-rhel-vm-1051-6765l node=qemtvd-07-w56zg-worker-0-s5hmz top=482Mi cgroup=3350Mi cpu=1118m rx=6843706195 tx=39897075 phase=Running
  [52/180] 11m18s  Status=Executing phase=CopyDisksVirtV2V
    [mon] +11m29s pod=plan-bench-rhel-vm-1051-6765l node=qemtvd-07-w56zg-worker-0-s5hmz top=734Mi cgroup=3217Mi cpu=1265m rx=6843707421 tx=39897757 phase=Running
  [53/180] 11m31s  Status=Executing phase=CopyDisksVirtV2V
  [54/180] 11m45s  Status=Executing phase=CopyDisksVirtV2V
    [mon] +11m49s pod=plan-bench-rhel-vm-1051-6765l node=qemtvd-07-w56zg-worker-0-s5hmz top=788Mi cgroup=2744Mi cpu=1196m rx=6843708457 tx=39898317 phase=Running
  [55/180] 11m58s  Status=Executing phase=CopyDisksVirtV2V
    [mon] +12m09s pod=plan-bench-rhel-vm-1051-6765l node=qemtvd-07-w56zg-worker-0-s5hmz top=827Mi cgroup=2686Mi cpu=1371m rx=6843709683 tx=39898999 phase=Running
  [56/180] 12m11s  Status=Executing phase=CopyDisksVirtV2V
  [57/180] 12m24s  Status=Executing phase=CopyDisksVirtV2V
    [mon] +12m29s pod=plan-bench-rhel-vm-1051-6765l node=qemtvd-07-w56zg-worker-0-s5hmz top=962Mi cgroup=2810Mi cpu=2486m rx=6843710909 tx=39899681 phase=Running
  [58/180] 12m38s  Status=Executing phase=CopyDisksVirtV2V
    [mon] +12m49s pod=plan-bench-rhel-vm-1051-6765l node=qemtvd-07-w56zg-worker-0-s5hmz top=1082Mi cgroup=2890Mi cpu=1603m rx=6843712135 tx=39900363 phase=Running
  [59/180] 12m51s  Status=Executing phase=CopyDisksVirtV2V
  [60/180] 13m04s  Status=Executing phase=CopyDisksVirtV2V
    [mon] +13m09s pod=plan-bench-rhel-vm-1051-6765l node=qemtvd-07-w56zg-worker-0-s5hmz top=1082Mi cgroup=2796Mi cpu=1603m rx=6843713361 tx=39901045 phase=Running
  [61/180] 13m17s  Status=Executing phase=CopyDisksVirtV2V
    [mon] +13m29s pod=plan-bench-rhel-vm-1051-6765l node=qemtvd-07-w56zg-worker-0-s5hmz top=1307Mi cgroup=2697Mi cpu=3527m rx=6843714735 tx=39901807 phase=Running
  [62/180] 13m31s  Status=Executing phase=CopyDisksVirtV2V
  [63/180] 13m44s  Status=Executing phase=CopyDisksVirtV2V
    [mon] +13m49s pod=plan-bench-rhel-vm-1051-6765l node=qemtvd-07-w56zg-worker-0-s5hmz top=358Mi cgroup=1795Mi cpu=1327m rx=6843715665 tx=39902329 phase=Running
  [64/180] 13m57s  Status=Executing phase=CopyDisksVirtV2V
    [mon] +14m10s pod=plan-bench-rhel-vm-1051-6765l node=qemtvd-07-w56zg-worker-0-s5hmz top=367Mi cgroup=1916Mi cpu=1228m rx=6843716849 tx=39902969 phase=Running
  [65/180] 14m11s  Status=Executing phase=CopyDisksVirtV2V
  [66/180] 14m25s  Status=Executing phase=CopyDisksVirtV2V
    [mon] +14m30s pod=plan-bench-rhel-vm-1051-6765l node=qemtvd-07-w56zg-worker-0-s5hmz top=473Mi cgroup=2031Mi cpu=917m rx=6843718075 tx=39903651 phase=Running
  [67/180] 14m38s  Status=Executing phase=CopyDisksVirtV2V
    [mon] +14m50s pod=plan-bench-rhel-vm-1051-6765l node=qemtvd-07-w56zg-worker-0-s5hmz top=498Mi cgroup=2116Mi cpu=968m rx=6843719301 tx=39904333 phase=Running
  [68/180] 14m51s  Status=Executing phase=CopyDisksVirtV2V
  [69/180] 15m04s  Status=Executing phase=CopyDisksVirtV2V
    [mon] +15m13s pod=plan-bench-rhel-vm-1051-6765l node=qemtvd-07-w56zg-worker-0-s5hmz top=545Mi cgroup=2205Mi cpu=974m rx=6843720675 tx=39905095 phase=Running
  [70/180] 15m17s  Status=Executing phase=CopyDisksVirtV2V
  [71/180] 15m31s  Status=Executing phase=CopyDisksVirtV2V
    [mon] +15m33s pod=plan-bench-rhel-vm-1051-6765l node=qemtvd-07-w56zg-worker-0-s5hmz top=597Mi cgroup=2359Mi cpu=987m rx=6843721901 tx=39905777 phase=Running
  [step-change] 15m44s phase=CopyDisksVirtV2V Initialize=Completed DiskAllocation=Completed ImageConversion=Completed DiskTransferV2v=Completed VirtualMachineCreation=Running
    [mon] +15m54s pod=plan-bench-rhel-vm-1051-6765l node=qemtvd-07-w56zg-worker-0-s5hmz top=?Mi cgroup=?Mi cpu=?m rx=? tx=? phase=Running
  [step-change] 15m58s phase=Completed Initialize=Completed DiskAllocation=Completed ImageConversion=Completed DiskTransferV2v=Completed VirtualMachineCreation=Completed
  Peak conversion memory: metrics-server=1307Mi  cgroup=3497Mi
  Network totals (cumulative at last sample): rx=6526Mi  tx=38Mi

  Plan plan-bench-rhel finished: status=Succeeded duration=16m05s
  Pipeline step timings (plan-bench-rhel):
    Initialize: Completed  dur=0m10s  started=2026-08-10T10:59:38Z  completed=2026-08-10T10:59:48Z
    DiskAllocation: Completed  dur=0m17s  started=2026-08-10T10:59:48Z  completed=2026-08-10T11:00:05Z
    ImageConversion: Completed  dur=5m36s  started=2026-08-10T11:00:05Z  completed=2026-08-10T11:05:41Z
    DiskTransferV2v: Completed  dur=9m42s  started=2026-08-10T11:05:41Z  completed=2026-08-10T11:15:23Z
    VirtualMachineCreation: Completed  dur=0m4s  started=2026-08-10T11:15:23Z  completed=2026-08-10T11:15:27Z
  VM details:

=========================================================================================================
MIGRATION PLAN
Plan: plan-bench-rhel
Migration: plan-bench-rhel-8lggr

=========================================================================================================
VM: mtv-func-rhel9-4-uefi (vmID= vm-1051)
Phase: Completed  Status: Succeeded
OS: rhel9_64Guest
Started: 2026-08-10T10:59:38Z  Completed: 2026-08-10T11:15:27Z

Pipeline:
PHASE      NAME                    STARTED               COMPLETED             PROGRESS         
────────────────────────────────────────────────────────────────────────────────────────────────
Completed  Initialize              2026-08-10T10:59:38Z  2026-08-10T10:59:48Z           100.0%  
Completed  DiskAllocation          2026-08-10T10:59:48Z  2026-08-10T11:00:05Z           100.0%  
Completed  ImageConversion         2026-08-10T11:00:05Z  2026-08-10T11:05:41Z           100.0%  
Completed  DiskTransferV2v         2026-08-10T11:05:41Z  2026-08-10T11:15:23Z           100.0%  
Completed  VirtualMachineCreation  2026-08-10T11:15:23Z  2026-08-10T11:15:27Z           100.0%  

  Saving conversion pod log: /Users/yzamir/Projects/yaacov/kc-utils/tests/scenarios/runs/test-mtv-benchmark-20260810T103043Z-ref-mem/rhel-plan-bench-rhel-vm-1051-6765l.log
RESULT rhel: status=Succeeded total=16m08s vm=mtv-func-rhel9-4-uefi converter=ref

KEEP_BETWEEN_TESTS=true — leaving plan-bench-rhel + conversion pods for postmortem.
Stopping migrated RHEL VM mtv-func-rhel9-4-uefi (plan/pods kept)...

==========================================
RUN win: VM=mtv-func-win2019 plan=plan-bench-win converter=ref
==========================================
Waiting for plan Ready...
Migration started at 2026-08-10T11:16:11Z
--- Monitoring plan plan-bench-win (win) ---
  Memory/net monitor -> /Users/yzamir/Projects/yaacov/kc-utils/tests/scenarios/runs/test-mtv-benchmark-20260810T103043Z-ref-mem/win-virt-v2v-memory.csv (every 10s)
  [step-change] 0m01s phase=StorePowerState Initialize=Running DiskAllocation=Pending ImageConversion=Pending DiskTransferV2v=Pending VirtualMachineCreation=Pending
  [step-change] 0m14s phase=AllocateDisks Initialize=Completed DiskAllocation=Pending ImageConversion=Pending DiskTransferV2v=Pending VirtualMachineCreation=Pending
  [step-change] 0m28s phase=CreateGuestConversionPod Initialize=Completed DiskAllocation=Completed ImageConversion=Running DiskTransferV2v=Pending VirtualMachineCreation=Pending
  [04/180] 0m41s  Status=Executing phase=ConvertGuest
    [mon] +0m48s pod=plan-bench-win-vm-1021-l9zk5 node=qemtvd-07-w56zg-worker-0-s5hmz top=?Mi cgroup=?Mi cpu=?m rx=57579 tx=32282 phase=Pending
  [05/180] 0m54s  Status=Executing phase=ConvertGuest
    [mon] +1m08s pod=plan-bench-win-vm-1021-l9zk5 node=qemtvd-07-w56zg-worker-0-s5hmz top=?Mi cgroup=614Mi cpu=?m rx=2129727 tx=262937 phase=Running
  [06/180] 1m07s  Status=Executing phase=ConvertGuest
  [07/180] 1m21s  Status=Executing phase=ConvertGuest
    [mon] +1m28s pod=plan-bench-win-vm-1021-l9zk5 node=qemtvd-07-w56zg-worker-0-s5hmz top=438Mi cgroup=988Mi cpu=957m rx=28261267 tx=1171376 phase=Running
  [08/180] 1m34s  Status=Executing phase=ConvertGuest
    [mon] +1m48s pod=plan-bench-win-vm-1021-l9zk5 node=qemtvd-07-w56zg-worker-0-s5hmz top=441Mi cgroup=1017Mi cpu=565m rx=65537278 tx=2856211 phase=Running
  [09/180] 1m47s  Status=Executing phase=ConvertGuest
  [10/180] 2m01s  Status=Executing phase=ConvertGuest
    [mon] +2m08s pod=plan-bench-win-vm-1021-l9zk5 node=qemtvd-07-w56zg-worker-0-s5hmz top=442Mi cgroup=1049Mi cpu=497m rx=101095573 tx=4469636 phase=Running
  [11/180] 2m14s  Status=Executing phase=ConvertGuest
    [mon] +2m28s pod=plan-bench-win-vm-1021-l9zk5 node=qemtvd-07-w56zg-worker-0-s5hmz top=443Mi cgroup=1084Mi cpu=498m rx=137617552 tx=6273324 phase=Running
  [12/180] 2m27s  Status=Executing phase=ConvertGuest
  [13/180] 2m41s  Status=Executing phase=ConvertGuest
    [mon] +2m50s pod=plan-bench-win-vm-1021-l9zk5 node=qemtvd-07-w56zg-worker-0-s5hmz top=444Mi cgroup=1243Mi cpu=577m rx=239344571 tx=7487811 phase=Running
  [14/180] 2m55s  Status=Executing phase=ConvertGuest
    [mon] +3m10s pod=plan-bench-win-vm-1021-l9zk5 node=qemtvd-07-w56zg-worker-0-s5hmz top=596Mi cgroup=1633Mi cpu=1455m rx=241908222 tx=7525677 phase=Running
  [15/180] 3m09s  Status=Executing phase=ConvertGuest
  [16/180] 3m22s  Status=Executing phase=ConvertGuest
    [mon] +3m29s pod=plan-bench-win-vm-1021-l9zk5 node=qemtvd-07-w56zg-worker-0-s5hmz top=872Mi cgroup=1712Mi cpu=1583m rx=241910710 tx=7539363 phase=Running
  [17/180] 3m35s  Status=Executing phase=ConvertGuest
    [mon] +3m49s pod=plan-bench-win-vm-1021-l9zk5 node=qemtvd-07-w56zg-worker-0-s5hmz top=910Mi cgroup=1713Mi cpu=1352m rx=241959264 tx=7554606 phase=Running
  [18/180] 3m48s  Status=Executing phase=ConvertGuest
  [19/180] 4m02s  Status=Executing phase=ConvertGuest
    [mon] +4m09s pod=plan-bench-win-vm-1021-l9zk5 node=qemtvd-07-w56zg-worker-0-s5hmz top=929Mi cgroup=1753Mi cpu=1294m rx=242017595 tx=7569059 phase=Running
  [20/180] 4m15s  Status=Executing phase=ConvertGuest
    [mon] +4m30s pod=plan-bench-win-vm-1021-l9zk5 node=qemtvd-07-w56zg-worker-0-s5hmz top=948Mi cgroup=1602Mi cpu=1336m rx=242020083 tx=7582752 phase=Running
  [21/180] 4m28s  Status=Executing phase=ConvertGuest
  [22/180] 4m41s  Status=Executing phase=ConvertGuest
    [mon] +4m49s pod=plan-bench-win-vm-1021-l9zk5 node=qemtvd-07-w56zg-worker-0-s5hmz top=715Mi cgroup=1874Mi cpu=1242m rx=242025298 tx=7597390 phase=Running
  [23/180] 4m54s  Status=Executing phase=ConvertGuest
    [mon] +5m09s pod=plan-bench-win-vm-1021-l9zk5 node=qemtvd-07-w56zg-worker-0-s5hmz top=1015Mi cgroup=1932Mi cpu=1322m rx=242173322 tx=7617038 phase=Running
  [24/180] 5m08s  Status=Executing phase=ConvertGuest
  [25/180] 5m21s  Status=Executing phase=ConvertGuest
    [mon] +5m29s pod=plan-bench-win-vm-1021-l9zk5 node=qemtvd-07-w56zg-worker-0-s5hmz top=1109Mi cgroup=1958Mi cpu=1323m rx=242288702 tx=7638074 phase=Running
  [26/180] 5m34s  Status=Executing phase=ConvertGuest
    [mon] +5m49s pod=plan-bench-win-vm-1021-l9zk5 node=qemtvd-07-w56zg-worker-0-s5hmz top=1117Mi cgroup=2033Mi cpu=1281m rx=242379263 tx=7658660 phase=Running
  [27/180] 5m47s  Status=Executing phase=ConvertGuest
  [28/180] 6m00s  Status=Executing phase=ConvertGuest
    [mon] +6m09s pod=plan-bench-win-vm-1021-l9zk5 node=qemtvd-07-w56zg-worker-0-s5hmz top=1156Mi cgroup=1182Mi cpu=1895m rx=244483251 tx=7829525 phase=Running
  [step-change] 6m14s phase=CopyDisksVirtV2V Initialize=Completed DiskAllocation=Completed ImageConversion=Completed DiskTransferV2v=Running VirtualMachineCreation=Pending
    [mon] +6m29s pod=plan-bench-win-vm-1021-l9zk5 node=qemtvd-07-w56zg-worker-0-s5hmz top=233Mi cgroup=1393Mi cpu=747m rx=546870067 tx=9687933 phase=Running
  [30/180] 6m27s  Status=Executing phase=CopyDisksVirtV2V
  [31/180] 6m40s  Status=Executing phase=CopyDisksVirtV2V
    [mon] +6m49s pod=plan-bench-win-vm-1021-l9zk5 node=qemtvd-07-w56zg-worker-0-s5hmz top=263Mi cgroup=1880Mi cpu=250m rx=1053336921 tx=12607495 phase=Running
  [32/180] 6m53s  Status=Executing phase=CopyDisksVirtV2V
  [33/180] 7m09s  Status=Executing phase=CopyDisksVirtV2V
    [mon] +7m12s pod=plan-bench-win-vm-1021-l9zk5 node=qemtvd-07-w56zg-worker-0-s5hmz top=279Mi cgroup=2401Mi cpu=387m rx=1621051006 tx=15097084 phase=Running
  [34/180] 7m22s  Status=Executing phase=CopyDisksVirtV2V
    [mon] +7m32s pod=plan-bench-win-vm-1021-l9zk5 node=qemtvd-07-w56zg-worker-0-s5hmz top=344Mi cgroup=2320Mi cpu=372m rx=2110114163 tx=17197886 phase=Running
  [35/180] 7m35s  Status=Executing phase=CopyDisksVirtV2V
  [36/180] 7m49s  Status=Executing phase=CopyDisksVirtV2V
    [mon] +7m54s pod=plan-bench-win-vm-1021-l9zk5 node=qemtvd-07-w56zg-worker-0-s5hmz top=344Mi cgroup=2365Mi cpu=372m rx=2654554275 tx=19937919 phase=Running
  [37/180] 8m02s  Status=Executing phase=CopyDisksVirtV2V
    [mon] +8m13s pod=plan-bench-win-vm-1021-l9zk5 node=qemtvd-07-w56zg-worker-0-s5hmz top=345Mi cgroup=2340Mi cpu=369m rx=3152612877 tx=22774608 phase=Running
  [38/180] 8m15s  Status=Executing phase=CopyDisksVirtV2V
  [39/180] 8m28s  Status=Executing phase=CopyDisksVirtV2V
    [mon] +8m33s pod=plan-bench-win-vm-1021-l9zk5 node=qemtvd-07-w56zg-worker-0-s5hmz top=349Mi cgroup=2262Mi cpu=375m rx=3647755129 tx=24988177 phase=Running
  [40/180] 8m41s  Status=Executing phase=CopyDisksVirtV2V
    [mon] +8m54s pod=plan-bench-win-vm-1021-l9zk5 node=qemtvd-07-w56zg-worker-0-s5hmz top=347Mi cgroup=2156Mi cpu=351m rx=4160159764 tx=27516010 phase=Running
  [41/180] 8m54s  Status=Executing phase=CopyDisksVirtV2V
  [42/180] 9m08s  Status=Executing phase=CopyDisksVirtV2V
    [mon] +9m14s pod=plan-bench-win-vm-1021-l9zk5 node=qemtvd-07-w56zg-worker-0-s5hmz top=355Mi cgroup=2461Mi cpu=379m rx=4654788107 tx=29828921 phase=Running
  [43/180] 9m21s  Status=Executing phase=CopyDisksVirtV2V
    [mon] +9m34s pod=plan-bench-win-vm-1021-l9zk5 node=qemtvd-07-w56zg-worker-0-s5hmz top=356Mi cgroup=2486Mi cpu=389m rx=5164210710 tx=32451299 phase=Running
  [44/180] 9m34s  Status=Executing phase=CopyDisksVirtV2V
  [45/180] 9m47s  Status=Executing phase=CopyDisksVirtV2V
    [mon] +9m54s pod=plan-bench-win-vm-1021-l9zk5 node=qemtvd-07-w56zg-worker-0-s5hmz top=359Mi cgroup=2503Mi cpu=383m rx=5659460368 tx=34992668 phase=Running
  [46/180] 10m01s  Status=Executing phase=CopyDisksVirtV2V
    [mon] +10m14s pod=plan-bench-win-vm-1021-l9zk5 node=qemtvd-07-w56zg-worker-0-s5hmz top=360Mi cgroup=2476Mi cpu=386m rx=6169888603 tx=38040347 phase=Running
  [47/180] 10m14s  Status=Executing phase=CopyDisksVirtV2V
  [48/180] 10m27s  Status=Executing phase=CopyDisksVirtV2V
    [mon] +10m34s pod=plan-bench-win-vm-1021-l9zk5 node=qemtvd-07-w56zg-worker-0-s5hmz top=363Mi cgroup=2573Mi cpu=385m rx=6668654335 tx=40472553 phase=Running
  [49/180] 10m40s  Status=Executing phase=CopyDisksVirtV2V
    [mon] +10m55s pod=plan-bench-win-vm-1021-l9zk5 node=qemtvd-07-w56zg-worker-0-s5hmz top=366Mi cgroup=2557Mi cpu=382m rx=7170272025 tx=43153120 phase=Running
  [50/180] 10m54s  Status=Executing phase=CopyDisksVirtV2V
  [51/180] 11m07s  Status=Executing phase=CopyDisksVirtV2V
    [mon] +11m14s pod=plan-bench-win-vm-1021-l9zk5 node=qemtvd-07-w56zg-worker-0-s5hmz top=367Mi cgroup=2650Mi cpu=377m rx=7674971828 tx=45827017 phase=Running
  [52/180] 11m20s  Status=Executing phase=CopyDisksVirtV2V
    [mon] +11m34s pod=plan-bench-win-vm-1021-l9zk5 node=qemtvd-07-w56zg-worker-0-s5hmz top=369Mi cgroup=2605Mi cpu=374m rx=8164570504 tx=48119996 phase=Running
  [53/180] 11m33s  Status=Executing phase=CopyDisksVirtV2V
  [54/180] 11m47s  Status=Executing phase=CopyDisksVirtV2V
    [mon] +11m54s pod=plan-bench-win-vm-1021-l9zk5 node=qemtvd-07-w56zg-worker-0-s5hmz top=372Mi cgroup=2378Mi cpu=370m rx=8660308881 tx=50542457 phase=Running
  [55/180] 12m00s  Status=Executing phase=CopyDisksVirtV2V
    [mon] +12m14s pod=plan-bench-win-vm-1021-l9zk5 node=qemtvd-07-w56zg-worker-0-s5hmz top=377Mi cgroup=2617Mi cpu=367m rx=9155591272 tx=52514993 phase=Running
  [56/180] 12m13s  Status=Executing phase=CopyDisksVirtV2V
  [57/180] 12m26s  Status=Executing phase=CopyDisksVirtV2V
    [mon] +12m36s pod=plan-bench-win-vm-1021-l9zk5 node=qemtvd-07-w56zg-worker-0-s5hmz top=379Mi cgroup=2834Mi cpu=366m rx=9705214704 tx=56241586 phase=Running
  [58/180] 12m40s  Status=Executing phase=CopyDisksVirtV2V
    [mon] +12m56s pod=plan-bench-win-vm-1021-l9zk5 node=qemtvd-07-w56zg-worker-0-s5hmz top=368Mi cgroup=2343Mi cpu=380m rx=10184742672 tx=58634282 phase=Running
  [59/180] 12m54s  Status=Executing phase=CopyDisksVirtV2V
  [60/180] 13m07s  Status=Executing phase=CopyDisksVirtV2V
    [mon] +13m16s pod=plan-bench-win-vm-1021-l9zk5 node=qemtvd-07-w56zg-worker-0-s5hmz top=375Mi cgroup=2708Mi cpu=398m rx=10650392576 tx=61298980 phase=Running
  [61/180] 13m20s  Status=Executing phase=CopyDisksVirtV2V
  [62/180] 13m34s  Status=Executing phase=CopyDisksVirtV2V
    [mon] +13m36s pod=plan-bench-win-vm-1021-l9zk5 node=qemtvd-07-w56zg-worker-0-s5hmz top=375Mi cgroup=2587Mi cpu=398m rx=11023502292 tx=63292646 phase=Running
  [63/180] 13m47s  Status=Executing phase=CopyDisksVirtV2V
    [mon] +13m56s pod=plan-bench-win-vm-1021-l9zk5 node=qemtvd-07-w56zg-worker-0-s5hmz top=347Mi cgroup=2608Mi cpu=278m rx=11077447396 tx=63894391 phase=Running
  [64/180] 14m00s  Status=Executing phase=CopyDisksVirtV2V
  [65/180] 14m13s  Status=Executing phase=CopyDisksVirtV2V
    [mon] +14m16s pod=plan-bench-win-vm-1021-l9zk5 node=qemtvd-07-w56zg-worker-0-s5hmz top=144Mi cgroup=2604Mi cpu=129m rx=11077448580 tx=63895031 phase=Running
  [66/180] 14m27s  Status=Executing phase=CopyDisksVirtV2V
    [mon] +14m36s pod=plan-bench-win-vm-1021-l9zk5 node=qemtvd-07-w56zg-worker-0-s5hmz top=501Mi cgroup=2597Mi cpu=1193m rx=11077449806 tx=63895713 phase=Running
  [67/180] 14m40s  Status=Executing phase=CopyDisksVirtV2V
  [68/180] 14m53s  Status=Executing phase=CopyDisksVirtV2V
    [mon] +14m56s pod=plan-bench-win-vm-1021-l9zk5 node=qemtvd-07-w56zg-worker-0-s5hmz top=505Mi cgroup=2644Mi cpu=932m rx=11077451138 tx=63896433 phase=Running
  [69/180] 15m06s  Status=Executing phase=CopyDisksVirtV2V
    [mon] +15m16s pod=plan-bench-win-vm-1021-l9zk5 node=qemtvd-07-w56zg-worker-0-s5hmz top=505Mi cgroup=2775Mi cpu=822m rx=11077452216 tx=63897035 phase=Running
  [70/180] 15m20s  Status=Executing phase=CopyDisksVirtV2V
  [71/180] 15m33s  Status=Executing phase=CopyDisksVirtV2V
    [mon] +15m36s pod=plan-bench-win-vm-1021-l9zk5 node=qemtvd-07-w56zg-worker-0-s5hmz top=693Mi cgroup=2597Mi cpu=1235m rx=11077453400 tx=63897675 phase=Running
  [72/180] 15m46s  Status=Executing phase=CopyDisksVirtV2V
    [mon] +15m56s pod=plan-bench-win-vm-1021-l9zk5 node=qemtvd-07-w56zg-worker-0-s5hmz top=891Mi cgroup=2548Mi cpu=1303m rx=11077454626 tx=63898357 phase=Running
  [73/180] 15m59s  Status=Executing phase=CopyDisksVirtV2V
  [74/180] 16m12s  Status=Executing phase=CopyDisksVirtV2V
    [mon] +16m16s pod=plan-bench-win-vm-1021-l9zk5 node=qemtvd-07-w56zg-worker-0-s5hmz top=1000Mi cgroup=2381Mi cpu=1604m rx=11077455810 tx=63898997 phase=Running
  [75/180] 16m26s  Status=Executing phase=CopyDisksVirtV2V
    [mon] +16m36s pod=plan-bench-win-vm-1021-l9zk5 node=qemtvd-07-w56zg-worker-0-s5hmz top=1000Mi cgroup=2524Mi cpu=1080m rx=11077457036 tx=63899679 phase=Running
  [76/180] 16m39s  Status=Executing phase=CopyDisksVirtV2V
  [77/180] 16m52s  Status=Executing phase=CopyDisksVirtV2V
    [mon] +16m55s pod=plan-bench-win-vm-1021-l9zk5 node=qemtvd-07-w56zg-worker-0-s5hmz top=1010Mi cgroup=2374Mi cpu=1259m rx=11077458220 tx=63900319 phase=Running
  [78/180] 17m05s  Status=Executing phase=CopyDisksVirtV2V
    [mon] +17m15s pod=plan-bench-win-vm-1021-l9zk5 node=qemtvd-07-w56zg-worker-0-s5hmz top=863Mi cgroup=2590Mi cpu=1221m rx=11077459446 tx=63901001 phase=Running
  [79/180] 17m19s  Status=Executing phase=CopyDisksVirtV2V
  [80/180] 17m32s  Status=Executing phase=CopyDisksVirtV2V
    [mon] +17m35s pod=plan-bench-win-vm-1021-l9zk5 node=qemtvd-07-w56zg-worker-0-s5hmz top=1099Mi cgroup=2605Mi cpu=1197m rx=11077460556 tx=63901601 phase=Running
  [81/180] 17m45s  Status=Executing phase=CopyDisksVirtV2V
    [mon] +17m55s pod=plan-bench-win-vm-1021-l9zk5 node=qemtvd-07-w56zg-worker-0-s5hmz top=1185Mi cgroup=2509Mi cpu=1590m rx=11077461518 tx=63902121 phase=Running
  [82/180] 17m59s  Status=Executing phase=CopyDisksVirtV2V
  [83/180] 18m12s  Status=Executing phase=CopyDisksVirtV2V
    [mon] +18m15s pod=plan-bench-win-vm-1021-l9zk5 node=qemtvd-07-w56zg-worker-0-s5hmz top=1242Mi cgroup=2476Mi cpu=1225m rx=11077462744 tx=63902803 phase=Running
  [84/180] 18m25s  Status=Executing phase=CopyDisksVirtV2V
    [mon] +18m35s pod=plan-bench-win-vm-1021-l9zk5 node=qemtvd-07-w56zg-worker-0-s5hmz top=1242Mi cgroup=2403Mi cpu=1225m rx=11077463970 tx=63903485 phase=Running
  [85/180] 18m38s  Status=Executing phase=CopyDisksVirtV2V
  [86/180] 18m51s  Status=Executing phase=CopyDisksVirtV2V
    [mon] +18m55s pod=plan-bench-win-vm-1021-l9zk5 node=qemtvd-07-w56zg-worker-0-s5hmz top=1124Mi cgroup=1592Mi cpu=1423m rx=11077465154 tx=63904181 phase=Running
  [87/180] 19m05s  Status=Executing phase=CopyDisksVirtV2V
    [mon] +19m15s pod=plan-bench-win-vm-1021-l9zk5 node=qemtvd-07-w56zg-worker-0-s5hmz top=448Mi cgroup=1893Mi cpu=1235m rx=11077466338 tx=63904821 phase=Running
  [step-change] 19m18s phase=CreateVM Initialize=Completed DiskAllocation=Completed ImageConversion=Completed DiskTransferV2v=Completed VirtualMachineCreation=Completed
  Peak conversion memory: metrics-server=1242Mi  cgroup=2834Mi
  Network totals (cumulative at last sample): rx=10564Mi  tx=60Mi
  [89/180] 19m31s  Status=Succeeded phase=Completed

  Plan plan-bench-win finished: status=Succeeded duration=19m34s
  Pipeline step timings (plan-bench-win):
    Initialize: Completed  dur=0m11s  started=2026-08-10T11:16:12Z  completed=2026-08-10T11:16:23Z
    DiskAllocation: Completed  dur=0m16s  started=2026-08-10T11:16:23Z  completed=2026-08-10T11:16:39Z
    ImageConversion: Completed  dur=5m44s  started=2026-08-10T11:16:39Z  completed=2026-08-10T11:22:23Z
    DiskTransferV2v: Completed  dur=13m4s  started=2026-08-10T11:22:23Z  completed=2026-08-10T11:35:27Z
    VirtualMachineCreation: Completed  dur=0m3s  started=2026-08-10T11:35:27Z  completed=2026-08-10T11:35:30Z
  VM details:

=========================================================================================================
MIGRATION PLAN
Plan: plan-bench-win
Migration: plan-bench-win-xfkd5

=========================================================================================================
VM: mtv-func-win2019 (vmID= vm-1021)
Phase: Completed  Status: Succeeded
OS: windows2019srv_64Guest
Started: 2026-08-10T11:16:12Z  Completed: 2026-08-10T11:35:30Z

Pipeline:
PHASE      NAME                    STARTED               COMPLETED             PROGRESS         
────────────────────────────────────────────────────────────────────────────────────────────────
Completed  Initialize              2026-08-10T11:16:12Z  2026-08-10T11:16:23Z           100.0%  
Completed  DiskAllocation          2026-08-10T11:16:23Z  2026-08-10T11:16:39Z           100.0%  
Completed  ImageConversion         2026-08-10T11:16:39Z  2026-08-10T11:22:23Z           100.0%  
Completed  DiskTransferV2v         2026-08-10T11:22:23Z  2026-08-10T11:35:27Z           100.0%  
Completed  VirtualMachineCreation  2026-08-10T11:35:27Z  2026-08-10T11:35:30Z           100.0%  

  Saving conversion pod log: /Users/yzamir/Projects/yaacov/kc-utils/tests/scenarios/runs/test-mtv-benchmark-20260810T103043Z-ref-mem/win-plan-bench-win-vm-1021-l9zk5.log
RESULT win: status=Succeeded total=19m37s vm=mtv-func-win2019 converter=ref

==========================================
LEG SUMMARY (ref)
==========================================
Image: (empty)
RHEL (mtv-func-rhel9-4-uefi): exit=0
WIN  (mtv-func-win2019): exit=0
Full log: /Users/yzamir/Projects/yaacov/kc-utils/tests/scenarios/runs/test-mtv-benchmark-20260810T103043Z-ref.log
Memory CSVs + pod logs: /Users/yzamir/Projects/yaacov/kc-utils/tests/scenarios/runs/test-mtv-benchmark-20260810T103043Z-ref-mem

